[2026-04-13 13:05:04] [INFO] start slides_ig_worker attempt=1
[2026-04-13 13:05:04] [INFO] start lp_suite_worker attempt=1
[2026-04-13 13:05:04] [INFO] start mock_docs_worker attempt=1
[2026-04-13 13:05:04] [INFO] start media_worker attempt=1
[2026-04-13 13:09:05] [INFO] start slides_ig_worker attempt=2
[2026-04-13 13:17:35] [INFO] all required artifacts ready, running deploy
[master 213bc418] demo: real_estate_screener
 63 files changed, 6028 insertions(+), 14 deletions(-)
 create mode 100644 demos/2026-04-13_real_estate_screener/audio/intro.mp3
 create mode 100644 demos/2026-04-13_real_estate_screener/design_guidelines.md
 create mode 100644 demos/2026-04-13_real_estate_screener/docs/01_executive_summary.md
 create mode 100644 demos/2026-04-13_real_estate_screener/docs/02_problem_statement.md
 create mode 100644 demos/2026-04-13_real_estate_screener/docs/03_solution.md
 create mode 100644 demos/2026-04-13_real_estate_screener/docs/04_business_model.md
 create mode 100644 demos/2026-04-13_real_estate_screener/docs/05_market_research.md
 create mode 100644 demos/2026-04-13_real_estate_screener/index.html
 create mode 100644 demos/2026-04-13_real_estate_screener/lp/pattern1_modern.html
 create mode 100644 demos/2026-04-13_real_estate_screener/lp/pattern2_premium.html
 create mode 100644 demos/2026-04-13_real_estate_screener/lp/pattern3_casual.html
 create mode 100644 demos/2026-04-13_real_estate_screener/mock/app_mock.html
 create mode 100644 demos/2026-04-13_real_estate_screener/orchestrator/manifest.json
 create mode 100644 demos/2026-04-13_real_estate_screener/orchestrator/state.json
 create mode 100644 demos/2026-04-13_real_estate_screener/orchestrator/status/lp_suite_worker.done.json
 create mode 100644 demos/2026-04-13_real_estate_screener/orchestrator/status/lp_suite_worker.run.json
 create mode 100644 demos/2026-04-13_real_estate_screener/orchestrator/status/media_worker.done.json
 create mode 100644 demos/2026-04-13_real_estate_screener/orchestrator/status/media_worker.run.json
 create mode 100644 demos/2026-04-13_real_estate_screener/orchestrator/status/mock_docs_worker.done.json
 create mode 100644 demos/2026-04-13_real_estate_screener/orchestrator/status/mock_docs_worker.run.json
 create mode 100644 demos/2026-04-13_real_estate_screener/orchestrator/status/slides_ig_worker.done.json
 create mode 100644 demos/2026-04-13_real_estate_screener/orchestrator/status/slides_ig_worker.run.json
 create mode 100644 demos/2026-04-13_real_estate_screener/screenshots/lp_pattern1.png
 create mode 100644 demos/2026-04-13_real_estate_screener/screenshots/lp_pattern2.png
 create mode 100644 demos/2026-04-13_real_estate_screener/screenshots/lp_pattern3.png
 create mode 100644 demos/2026-04-13_real_estate_screener/screenshots/mock_app.png
 create mode 100755 demos/2026-04-13_real_estate_screener/scripts/common.sh
 create mode 100755 demos/2026-04-13_real_estate_screener/scripts/deploy-demo-v2.sh
 create mode 100755 demos/2026-04-13_real_estate_screener/scripts/lp-suite-worker.sh
 create mode 100755 demos/2026-04-13_real_estate_screener/scripts/media-worker.sh
 create mode 100755 demos/2026-04-13_real_estate_screener/scripts/mock-docs-worker.sh
 create mode 100755 demos/2026-04-13_real_estate_screener/scripts/orchestrate-demo-v2.sh
 create mode 100755 demos/2026-04-13_real_estate_screener/scripts/slides-ig-worker.sh
 create mode 100644 demos/2026-04-13_real_estate_screener/slides/real_estate_screener.pdf
 create mode 100644 demos/2026-04-13_real_estate_screener/slides/slide_01.png
 create mode 100644 demos/2026-04-13_real_estate_screener/slides/slide_02.png
 create mode 100644 demos/2026-04-13_real_estate_screener/slides/slide_03.png
 create mode 100644 demos/2026-04-13_real_estate_screener/slides/slide_04.png
 create mode 100644 demos/2026-04-13_real_estate_screener/slides/slide_05.png
 create mode 100644 demos/2026-04-13_real_estate_screener/slides/slide_06.png
 create mode 100644 demos/2026-04-13_real_estate_screener/slides/slide_07.png
 create mode 100644 demos/2026-04-13_real_estate_screener/slides/slide_08.png
 create mode 100644 demos/2026-04-13_real_estate_screener/slides/slide_09.png
 create mode 100644 demos/2026-04-13_real_estate_screener/slides/slide_10.png
 create mode 100644 demos/2026-04-13_real_estate_screener/slides/slides_plan.json
 create mode 100644 demos/2026-04-13_real_estate_screener/sns/instagram/ig_01.png
 create mode 100644 demos/2026-04-13_real_estate_screener/sns/instagram/ig_02.png
 create mode 100644 demos/2026-04-13_real_estate_screener/sns/instagram/ig_03.png
 create mode 100644 demos/2026-04-13_real_estate_screener/sns/instagram/ig_04.png
 create mode 100644 demos/2026-04-13_real_estate_screener/sns/instagram/ig_05.png
 create mode 100644 demos/2026-04-13_real_estate_screener/sns/instagram/ig_06.png
 create mode 100644 demos/2026-04-13_real_estate_screener/sns/instagram/ig_07.png
 create mode 100644 demos/2026-04-13_real_estate_screener/sns/instagram/ig_08.png
 create mode 100644 demos/2026-04-13_real_estate_screener/sns/instagram/ig_09.png
 create mode 100644 demos/2026-04-13_real_estate_screener/sns/instagram/ig_10.png
 create mode 100644 demos/2026-04-13_real_estate_screener/sns/instagram/session/grounding_map.json
 create mode 100644 demos/2026-04-13_real_estate_screener/sns/instagram/session/json/ig_plan.json
 create mode 100644 demos/2026-04-13_real_estate_screener/video/promo.mp4
 create mode 100644 demos/2026-04-13_real_estate_screener/video/slides.txt
To github.com:rsensui2/ryoko.git
   b5ab2898..213bc418  master -> master
Already up to date.
