[2026-04-13 18:33:43] [INFO] start slides_ig_worker attempt=1
[2026-04-13 18:33:43] [INFO] start lp_suite_worker attempt=1
[2026-04-13 18:33:43] [INFO] start mock_docs_worker attempt=1
[2026-04-13 18:33:43] [INFO] start media_worker attempt=1
[2026-04-13 18:38:43] [INFO] start slides_ig_worker attempt=2
[2026-04-13 18:49:44] [INFO] all required artifacts ready, running deploy
[master 16fe2cbf] demo: taco_delivery
 64 files changed, 5184 insertions(+), 1 deletion(-)
 create mode 100644 demos/2026-04-13_taco_delivery/audio/intro.mp3
 create mode 100644 demos/2026-04-13_taco_delivery/design_guidelines.md
 create mode 100644 demos/2026-04-13_taco_delivery/docs/01_executive_summary.md
 create mode 100644 demos/2026-04-13_taco_delivery/docs/02_problem_statement.md
 create mode 100644 demos/2026-04-13_taco_delivery/docs/03_solution.md
 create mode 100644 demos/2026-04-13_taco_delivery/docs/04_business_model.md
 create mode 100644 demos/2026-04-13_taco_delivery/docs/05_market_research.md
 create mode 100644 demos/2026-04-13_taco_delivery/index.html
 create mode 100644 demos/2026-04-13_taco_delivery/lp/pattern1_modern.html
 create mode 100644 demos/2026-04-13_taco_delivery/lp/pattern2_premium.html
 create mode 100644 demos/2026-04-13_taco_delivery/lp/pattern3_casual.html
 create mode 100644 demos/2026-04-13_taco_delivery/mock/app_mock.html
 create mode 100644 demos/2026-04-13_taco_delivery/orchestrator/manifest.json
 create mode 100644 demos/2026-04-13_taco_delivery/orchestrator/state.json
 create mode 100644 demos/2026-04-13_taco_delivery/orchestrator/status/lp_suite_worker.done.json
 create mode 100644 demos/2026-04-13_taco_delivery/orchestrator/status/lp_suite_worker.run.json
 create mode 100644 demos/2026-04-13_taco_delivery/orchestrator/status/media_worker.done.json
 create mode 100644 demos/2026-04-13_taco_delivery/orchestrator/status/media_worker.run.json
 create mode 100644 demos/2026-04-13_taco_delivery/orchestrator/status/mock_docs_worker.done.json
 create mode 100644 demos/2026-04-13_taco_delivery/orchestrator/status/mock_docs_worker.run.json
 create mode 100644 demos/2026-04-13_taco_delivery/orchestrator/status/slides_ig_worker.done.json
 create mode 100644 demos/2026-04-13_taco_delivery/orchestrator/status/slides_ig_worker.error.json
 create mode 100644 demos/2026-04-13_taco_delivery/orchestrator/status/slides_ig_worker.run.json
 create mode 100644 demos/2026-04-13_taco_delivery/screenshots/lp_pattern1.png
 create mode 100644 demos/2026-04-13_taco_delivery/screenshots/lp_pattern2.png
 create mode 100644 demos/2026-04-13_taco_delivery/screenshots/lp_pattern3.png
 create mode 100644 demos/2026-04-13_taco_delivery/screenshots/mock_app.png
 create mode 100755 demos/2026-04-13_taco_delivery/scripts/common.sh
 create mode 100755 demos/2026-04-13_taco_delivery/scripts/deploy-demo-v2.sh
 create mode 100755 demos/2026-04-13_taco_delivery/scripts/lp-suite-worker.sh
 create mode 100755 demos/2026-04-13_taco_delivery/scripts/media-worker.sh
 create mode 100755 demos/2026-04-13_taco_delivery/scripts/mock-docs-worker.sh
 create mode 100755 demos/2026-04-13_taco_delivery/scripts/orchestrate-demo-v2.sh
 create mode 100755 demos/2026-04-13_taco_delivery/scripts/slides-ig-worker.sh
 create mode 100644 demos/2026-04-13_taco_delivery/slides/slide_01.png
 create mode 100644 demos/2026-04-13_taco_delivery/slides/slide_02.png
 create mode 100644 demos/2026-04-13_taco_delivery/slides/slide_03.png
 create mode 100644 demos/2026-04-13_taco_delivery/slides/slide_04.png
 create mode 100644 demos/2026-04-13_taco_delivery/slides/slide_05.png
 create mode 100644 demos/2026-04-13_taco_delivery/slides/slide_06.png
 create mode 100644 demos/2026-04-13_taco_delivery/slides/slide_07.png
 create mode 100644 demos/2026-04-13_taco_delivery/slides/slide_08.png
 create mode 100644 demos/2026-04-13_taco_delivery/slides/slide_09.png
 create mode 100644 demos/2026-04-13_taco_delivery/slides/slide_10.png
 create mode 100644 demos/2026-04-13_taco_delivery/slides/slides_plan.json
 create mode 100644 demos/2026-04-13_taco_delivery/slides/taco_delivery.pdf
 create mode 100644 demos/2026-04-13_taco_delivery/sns/instagram/ig_01_brand.png
 create mode 100644 demos/2026-04-13_taco_delivery/sns/instagram/ig_02_problem.png
 create mode 100644 demos/2026-04-13_taco_delivery/sns/instagram/ig_03_speed.png
 create mode 100644 demos/2026-04-13_taco_delivery/sns/instagram/ig_04_customize.png
 create mode 100644 demos/2026-04-13_taco_delivery/sns/instagram/ig_05_tracking.png
 create mode 100644 demos/2026-04-13_taco_delivery/sns/instagram/ig_06_tacopass.png
 create mode 100644 demos/2026-04-13_taco_delivery/sns/instagram/ig_07_menu.png
 create mode 100644 demos/2026-04-13_taco_delivery/sns/instagram/ig_08_review.png
 create mode 100644 demos/2026-04-13_taco_delivery/sns/instagram/ig_09_partnership.png
 create mode 100644 demos/2026-04-13_taco_delivery/sns/instagram/ig_10_download.png
 create mode 100644 demos/2026-04-13_taco_delivery/sns/instagram/session/grounding_map.json
 create mode 100644 demos/2026-04-13_taco_delivery/sns/instagram/session/json/ig_plan.json
 create mode 100644 demos/2026-04-13_taco_delivery/video/promo.mp4
 create mode 100644 demos/2026-04-13_taco_delivery/video/slides.txt
 create mode 100644 docs/news-slides/2026-04-12/slides_output/2026-04-13_0733/news-slides.pdf
 create mode 100644 memory/2026-04-13-0926.md
To github.com:rsensui2/ryoko.git
   a5cd08c5..16fe2cbf  master -> master
Updating fcb541c..9375c24
Fast-forward
 .../orchestrator/state.json                        |    2 +-
 .../orchestrator/status/deploy.done.json           |    2 +-
 demos/2026-04-13_pitchpilot/audio/intro.mp3        |  Bin 0 -> 583053 bytes
 demos/2026-04-13_pitchpilot/design_guidelines.md   |   45 +
 .../docs/01_executive_summary.md                   |   69 +
 .../docs/02_product_concept.md                     |   82 +
 .../docs/03_business_model.md                      |   84 +
 .../2026-04-13_pitchpilot/docs/04_go_to_market.md  |   77 +
 .../docs/05_market_research.md                     |   91 +
 demos/2026-04-13_pitchpilot/index.html             |  564 ++++++
 .../2026-04-13_pitchpilot/lp/pattern1_modern.html  | 2143 ++++++++++++++++++++
 .../2026-04-13_pitchpilot/lp/pattern2_premium.html |  986 +++++++++
 .../2026-04-13_pitchpilot/lp/pattern3_casual.html  | 1172 +++++++++++
 demos/2026-04-13_pitchpilot/mock/app_mock.html     | 1425 +++++++++++++
 .../screenshots/lp_pattern1.png                    |  Bin 0 -> 229620 bytes
 .../screenshots/lp_pattern2.png                    |  Bin 0 -> 148574 bytes
 .../screenshots/lp_pattern3.png                    |  Bin 0 -> 304104 bytes
 .../2026-04-13_pitchpilot/screenshots/mock_app.png |  Bin 0 -> 89570 bytes
 demos/2026-04-13_pitchpilot/slides/pitchpilot.pdf  |  Bin 0 -> 1356669 bytes
 .../20260413_164748/grounding_map.json             |    9 +
 .../20260413_164748/images/slide_01.jpg            |  Bin 0 -> 2178671 bytes
 .../20260413_164748/images/slide_02.jpg            |  Bin 0 -> 2360484 bytes
 .../20260413_164748/images/slide_03.jpg            |  Bin 0 -> 2484609 bytes
 .../20260413_164748/images/slide_04.jpg            |  Bin 0 -> 2496075 bytes
 .../20260413_164748/images/slide_05.jpg            |  Bin 0 -> 2156423 bytes
 .../20260413_164748/images/slide_06.jpg            |  Bin 0 -> 2195671 bytes
 .../20260413_164748/images/slide_07.jpg            |  Bin 0 -> 2355272 bytes
 .../20260413_164748/json/slides_plan.json          |   47 +
 .../20260413_164748/prompts/slide_01.txt           |  132 ++
 .../20260413_164748/prompts/slide_02.txt           |  132 ++
 .../20260413_164748/prompts/slide_03.txt           |  132 ++
 .../20260413_164748/prompts/slide_04.txt           |  132 ++
 .../20260413_164748/prompts/slide_05.txt           |  132 ++
 .../20260413_164748/prompts/slide_06.txt           |  132 ++
 .../20260413_164748/prompts/slide_07.txt           |  132 ++
 .../2026-04-13_pitchpilot/slides/slides_plan.json  |   47 +
 .../sns/instagram/ig_01_hook.jpg                   |  Bin 0 -> 485814 bytes
 .../sns/instagram/ig_02_problem.jpg                |  Bin 0 -> 717909 bytes
 .../sns/instagram/ig_03_solution.jpg               |  Bin 0 -> 622272 bytes
 .../sns/instagram/ig_04_feature1.jpg               |  Bin 0 -> 458264 bytes
 .../sns/instagram/ig_05_feature2.jpg               |  Bin 0 -> 851333 bytes
 .../sns/instagram/ig_06_result.jpg                 |  Bin 0 -> 467650 bytes
 .../sns/instagram/ig_07_comparison.jpg             |  Bin 0 -> 692195 bytes
 .../sns/instagram/ig_08_pricing.jpg                |  Bin 0 -> 768422 bytes
 .../sns/instagram/ig_09_testimonial.jpg            |  Bin 0 -> 625657 bytes
 .../sns/instagram/ig_10_cta.jpg                    |  Bin 0 -> 624534 bytes
 .../sns/instagram/session/grounding_map.json       |   12 +
 .../sns/instagram/session/json/ig_plan.json        |   55 +
 demos/2026-04-13_pitchpilot/video/promo.mp4        |  Bin 0 -> 2957040 bytes
 index.html                                         |   10 +-
 50 files changed, 7843 insertions(+), 3 deletions(-)
 create mode 100644 demos/2026-04-13_pitchpilot/audio/intro.mp3
 create mode 100644 demos/2026-04-13_pitchpilot/design_guidelines.md
 create mode 100644 demos/2026-04-13_pitchpilot/docs/01_executive_summary.md
 create mode 100644 demos/2026-04-13_pitchpilot/docs/02_product_concept.md
 create mode 100644 demos/2026-04-13_pitchpilot/docs/03_business_model.md
 create mode 100644 demos/2026-04-13_pitchpilot/docs/04_go_to_market.md
 create mode 100644 demos/2026-04-13_pitchpilot/docs/05_market_research.md
 create mode 100644 demos/2026-04-13_pitchpilot/index.html
 create mode 100644 demos/2026-04-13_pitchpilot/lp/pattern1_modern.html
 create mode 100644 demos/2026-04-13_pitchpilot/lp/pattern2_premium.html
 create mode 100644 demos/2026-04-13_pitchpilot/lp/pattern3_casual.html
 create mode 100644 demos/2026-04-13_pitchpilot/mock/app_mock.html
 create mode 100644 demos/2026-04-13_pitchpilot/screenshots/lp_pattern1.png
 create mode 100644 demos/2026-04-13_pitchpilot/screenshots/lp_pattern2.png
 create mode 100644 demos/2026-04-13_pitchpilot/screenshots/lp_pattern3.png
 create mode 100644 demos/2026-04-13_pitchpilot/screenshots/mock_app.png
 create mode 100644 demos/2026-04-13_pitchpilot/slides/pitchpilot.pdf
 create mode 100644 demos/2026-04-13_pitchpilot/slides/slides_output/20260413_164748/grounding_map.json
 create mode 100644 demos/2026-04-13_pitchpilot/slides/slides_output/20260413_164748/images/slide_01.jpg
 create mode 100644 demos/2026-04-13_pitchpilot/slides/slides_output/20260413_164748/images/slide_02.jpg
 create mode 100644 demos/2026-04-13_pitchpilot/slides/slides_output/20260413_164748/images/slide_03.jpg
 create mode 100644 demos/2026-04-13_pitchpilot/slides/slides_output/20260413_164748/images/slide_04.jpg
 create mode 100644 demos/2026-04-13_pitchpilot/slides/slides_output/20260413_164748/images/slide_05.jpg
 create mode 100644 demos/2026-04-13_pitchpilot/slides/slides_output/20260413_164748/images/slide_06.jpg
 create mode 100644 demos/2026-04-13_pitchpilot/slides/slides_output/20260413_164748/images/slide_07.jpg
 create mode 100644 demos/2026-04-13_pitchpilot/slides/slides_output/20260413_164748/json/slides_plan.json
 create mode 100644 demos/2026-04-13_pitchpilot/slides/slides_output/20260413_164748/prompts/slide_01.txt
 create mode 100644 demos/2026-04-13_pitchpilot/slides/slides_output/20260413_164748/prompts/slide_02.txt
 create mode 100644 demos/2026-04-13_pitchpilot/slides/slides_output/20260413_164748/prompts/slide_03.txt
 create mode 100644 demos/2026-04-13_pitchpilot/slides/slides_output/20260413_164748/prompts/slide_04.txt
 create mode 100644 demos/2026-04-13_pitchpilot/slides/slides_output/20260413_164748/prompts/slide_05.txt
 create mode 100644 demos/2026-04-13_pitchpilot/slides/slides_output/20260413_164748/prompts/slide_06.txt
 create mode 100644 demos/2026-04-13_pitchpilot/slides/slides_output/20260413_164748/prompts/slide_07.txt
 create mode 100644 demos/2026-04-13_pitchpilot/slides/slides_plan.json
 create mode 100644 demos/2026-04-13_pitchpilot/sns/instagram/ig_01_hook.jpg
 create mode 100644 demos/2026-04-13_pitchpilot/sns/instagram/ig_02_problem.jpg
 create mode 100644 demos/2026-04-13_pitchpilot/sns/instagram/ig_03_solution.jpg
 create mode 100644 demos/2026-04-13_pitchpilot/sns/instagram/ig_04_feature1.jpg
 create mode 100644 demos/2026-04-13_pitchpilot/sns/instagram/ig_05_feature2.jpg
 create mode 100644 demos/2026-04-13_pitchpilot/sns/instagram/ig_06_result.jpg
 create mode 100644 demos/2026-04-13_pitchpilot/sns/instagram/ig_07_comparison.jpg
 create mode 100644 demos/2026-04-13_pitchpilot/sns/instagram/ig_08_pricing.jpg
 create mode 100644 demos/2026-04-13_pitchpilot/sns/instagram/ig_09_testimonial.jpg
 create mode 100644 demos/2026-04-13_pitchpilot/sns/instagram/ig_10_cta.jpg
 create mode 100644 demos/2026-04-13_pitchpilot/sns/instagram/session/grounding_map.json
 create mode 100644 demos/2026-04-13_pitchpilot/sns/instagram/session/json/ig_plan.json
 create mode 100644 demos/2026-04-13_pitchpilot/video/promo.mp4
