[2026-04-13 09:40:32] [INFO] start slides_ig_worker attempt=1
[2026-04-13 09:40:32] [INFO] start slides_ig_worker attempt=1
[2026-04-13 09:40:32] [INFO] start lp_suite_worker attempt=1
[2026-04-13 09:40:32] [INFO] start lp_suite_worker attempt=1
[2026-04-13 09:40:32] [INFO] start mock_docs_worker attempt=1
[2026-04-13 09:40:32] [INFO] start mock_docs_worker attempt=1
[2026-04-13 09:40:32] [INFO] start media_worker attempt=1
[2026-04-13 09:40:32] [INFO] start media_worker attempt=1
[2026-04-13 09:42:02] [INFO] start slides_ig_worker attempt=2
[2026-04-13 09:42:02] [INFO] start slides_ig_worker attempt=2
[2026-04-13 10:20:33] [INFO] timeout reached, running partial deploy
[2026-04-13 10:20:33] [INFO] timeout reached, running partial deploy
[master 6bd40d4a] demo: food_sense (partial)
 83 files changed, 7783 insertions(+), 284 deletions(-)
 create mode 100644 docs/demos/2026-04-13_food_sense/audio/intro.mp3
 create mode 100644 docs/demos/2026-04-13_food_sense/design_guidelines.md
 create mode 100644 docs/demos/2026-04-13_food_sense/docs/01_executive_summary.md
 create mode 100644 docs/demos/2026-04-13_food_sense/docs/02_problem_statement.md
 create mode 100644 docs/demos/2026-04-13_food_sense/docs/03_solution.md
 create mode 100644 docs/demos/2026-04-13_food_sense/docs/04_business_model.md
 create mode 100644 docs/demos/2026-04-13_food_sense/docs/05_market_research.md
 create mode 100644 docs/demos/2026-04-13_food_sense/index.html
 create mode 100644 docs/demos/2026-04-13_food_sense/lp/pattern1_modern.html
 create mode 100644 docs/demos/2026-04-13_food_sense/lp/pattern2_premium.html
 create mode 100644 docs/demos/2026-04-13_food_sense/lp/pattern3_casual.html
 create mode 100644 docs/demos/2026-04-13_food_sense/mock/app_mock.html
 create mode 100644 docs/demos/2026-04-13_food_sense/orchestrator/manifest.json
 create mode 100644 docs/demos/2026-04-13_food_sense/orchestrator/state.json
 create mode 100644 docs/demos/2026-04-13_food_sense/orchestrator/status/lp_suite_worker.done.json
 create mode 100644 docs/demos/2026-04-13_food_sense/orchestrator/status/lp_suite_worker.run.json
 create mode 100644 docs/demos/2026-04-13_food_sense/orchestrator/status/media_worker.done.json
 create mode 100644 docs/demos/2026-04-13_food_sense/orchestrator/status/media_worker.run.json
 create mode 100644 docs/demos/2026-04-13_food_sense/orchestrator/status/mock_docs_worker.done.json
 create mode 100644 docs/demos/2026-04-13_food_sense/orchestrator/status/mock_docs_worker.run.json
 create mode 100644 docs/demos/2026-04-13_food_sense/orchestrator/status/slides_ig_worker.error.json
 create mode 100644 docs/demos/2026-04-13_food_sense/orchestrator/status/slides_ig_worker.run.json
 create mode 100644 docs/demos/2026-04-13_food_sense/screenshots/lp_pattern1.png
 create mode 100644 docs/demos/2026-04-13_food_sense/screenshots/lp_pattern2.png
 create mode 100644 docs/demos/2026-04-13_food_sense/screenshots/lp_pattern3.png
 create mode 100644 docs/demos/2026-04-13_food_sense/screenshots/mock_app.png
 create mode 100644 docs/demos/2026-04-13_food_sense/slides/food_sense.pdf
 create mode 100644 docs/demos/2026-04-13_food_sense/slides/slide_01.png
 create mode 100644 docs/demos/2026-04-13_food_sense/slides/slide_02.png
 create mode 100644 docs/demos/2026-04-13_food_sense/slides/slide_03.png
 create mode 100644 docs/demos/2026-04-13_food_sense/slides/slide_04.png
 create mode 100644 docs/demos/2026-04-13_food_sense/slides/slide_05.png
 create mode 100644 docs/demos/2026-04-13_food_sense/slides/slide_06.png
 create mode 100644 docs/demos/2026-04-13_food_sense/slides/slide_07.png
 create mode 100644 docs/demos/2026-04-13_food_sense/slides/slide_08.png
 create mode 100644 docs/demos/2026-04-13_food_sense/slides/slide_09.png
 create mode 100644 docs/demos/2026-04-13_food_sense/slides/slide_10.png
 create mode 100644 docs/demos/2026-04-13_food_sense/slides/slide_11.png
 create mode 100644 docs/demos/2026-04-13_food_sense/slides/slide_12.png
 create mode 100644 docs/demos/2026-04-13_food_sense/slides/slides_plan.json
 create mode 100644 docs/demos/2026-04-13_food_sense/sns/instagram/session/json/ig_plan.json
 create mode 100644 docs/demos/2026-04-13_food_sense/video/promo.mp4
 create mode 100644 docs/demos/2026-04-13_food_sense/video/slides.txt
 create mode 100644 docs/news-slides/2026-04-13/merged_items.json
 create mode 100644 memory/.dreams/events.jsonl
 create mode 100644 memory/.dreams/short-term-recall.json
 create mode 100644 memory/tech-news-runs/2026-04-10.md
 create mode 100644 scripts/path-resolver.js
 create mode 100644 scripts/tech-news-crunch-runner.js
 delete mode 120000 skills/nanobanana-slide-generator-v3-flash/venv
 create mode 120000 skills/nanobanana-slide-generator-v3-flash/venv/bin/python
 create mode 120000 skills/nanobanana-slide-generator-v3-flash/venv/bin/python3
 create mode 120000 skills/nanobanana-slide-generator-v3-flash/venv/bin/python3.12
 create mode 120000 skills/nanobanana-slide-generator-v3-flash/venv/lib64
 create mode 100644 skills/nanobanana-slide-generator-v3-flash/venv/pyvenv.cfg
 create mode 100755 skills/seminar-demo-generator-v2/scripts/lp-suite-worker.sh
 create mode 100755 skills/seminar-demo-generator-v2/scripts/media-worker.sh
 create mode 100755 skills/seminar-demo-generator-v2/scripts/mock-docs-worker.sh
 create mode 100644 tmp/generate_artifacts_index.py
 create mode 100644 tmp/run-genspark-notes.sh
 create mode 100644 tmp/run_genspark_notes.sh
 create mode 100644 tmp/run_genspark_notes_gog.sh
 create mode 100644 tmp/tech-news-report-2026-04-10.md
 create mode 100644 tmp/tech_news_queries.sh
To github.com:rsensui2/ryoko.git
   677ae16a..6bd40d4a  master -> master
